// Jest Snapshot v1, https://goo.gl/fbAQLP

exports[`<FeaturePage /> should render its heading 1`] = `
<div>
  <h1
    class="H1-xylgwa-0 heKVxQ"
  >
    <span>
      Features
    </span>
  </h1>
  <ul
    class="List-funr85-0 iFqCCM"
  >
    <li
      class="ListItem-g5hnj3-0 kYwLdX"
    >
      <p
        class="ListItemTitle-bnznvy-0 gdtXEs"
      >
        <span>
          Lorem ipsum dolor.
        </span>
      </p>
      <p>
        <span>
          Lorem ipsum dolor sit amet, consectetur adipiscing elit. Nunc tortor arcu, 
            eleifend sit amet ullamcorper vel, interdum sed sapien. Curabitur iaculis, 
            arcu vitae convallis sollicitudin, felis odio volutpat ipsum, sit.
        </span>
      </p>
    </li>
    <li
      class="ListItem-g5hnj3-0 kYwLdX"
    >
      <p
        class="ListItemTitle-bnznvy-0 gdtXEs"
      >
        <span>
          Lorem ipsum dolor.
        </span>
      </p>
      <p>
        <span>
          Lorem ipsum dolor sit amet, consectetur adipiscing elit. Nunc tortor arcu, 
            eleifend sit amet ullamcorper vel, interdum sed sapien. Curabitur iaculis, 
            arcu vitae convallis sollicitudin, felis odio volutpat ipsum, sit.
        </span>
      </p>
    </li>
    <li
      class="ListItem-g5hnj3-0 kYwLdX"
    >
      <p
        class="ListItemTitle-bnznvy-0 gdtXEs"
      >
        <span>
          Lorem ipsum dolor.
        </span>
      </p>
      <p>
        <span>
          Lorem ipsum dolor sit amet, consectetur adipiscing elit. Nunc tortor arcu, 
            eleifend sit amet ullamcorper vel, interdum sed sapien. Curabitur iaculis, 
            arcu vitae convallis sollicitudin, felis odio volutpat ipsum, sit.
        </span>
      </p>
    </li>
    <li
      class="ListItem-g5hnj3-0 kYwLdX"
    >
      <p
        class="ListItemTitle-bnznvy-0 gdtXEs"
      >
        <span>
          Lorem ipsum dolor.
        </span>
      </p>
      <p>
        <span>
          Lorem ipsum dolor sit amet, consectetur adipiscing elit. Nunc tortor arcu, 
            eleifend sit amet ullamcorper vel, interdum sed sapien. Curabitur iaculis, 
            arcu vitae convallis sollicitudin, felis odio volutpat ipsum, sit.
        </span>
      </p>
    </li>
    <li
      class="ListItem-g5hnj3-0 kYwLdX"
    >
      <p
        class="ListItemTitle-bnznvy-0 gdtXEs"
      >
        <span>
          Lorem ipsum dolor.
        </span>
      </p>
      <p>
        <span>
          Lorem ipsum dolor sit amet, consectetur adipiscing elit. Nunc tortor arcu, 
            eleifend sit amet ullamcorper vel, interdum sed sapien. Curabitur iaculis, 
            arcu vitae convallis sollicitudin, felis odio volutpat ipsum, sit.
        </span>
      </p>
    </li>
  </ul>
</div>
`;
